[16Apr2026 19:47:18.039] [main/INFO] [cpw.mods.modlauncher.Launcher/MODLAUNCHER]: ModLauncher running: args [--launchTarget, forgeclientuserdev, --version, 21.1.60, --assetIndex, asset-index, --assetsDir, C:\Users\Trevd\.gradle\caches\minecraft\assets, --gameDir, ., --fml.neoForgeVersion, 21.1.60, --fml.fmlVersion, 4.0.24, --fml.mcVersion, 1.21.1, --fml.neoFormVersion, 20240808.144430]
[16Apr2026 19:47:18.047] [main/INFO] [cpw.mods.modlauncher.Launcher/MODLAUNCHER]: JVM identified as Oracle Corporation Java HotSpot(TM) 64-Bit Server VM 21.0.7+8-LTS-245
[16Apr2026 19:47:18.049] [main/INFO] [cpw.mods.modlauncher.Launcher/MODLAUNCHER]: ModLauncher 11.0.4+main.d2e20e43 starting: java version 21.0.7 by Oracle Corporation; OS Windows 11 arch amd64 version 10.0
[16Apr2026 19:47:20.305] [main/INFO] [net.neoforged.fml.loading.ImmediateWindowHandler/]: Loading ImmediateWindowProvider fmlearlywindow
[16Apr2026 19:47:20.443] [main/INFO] [EARLYDISPLAY/]: Trying GL version 4.6
[16Apr2026 19:47:20.983] [main/INFO] [EARLYDISPLAY/]: Requested GL version 4.6 got version 4.6
[16Apr2026 19:47:21.127] [main/INFO] [mixin/]: SpongePowered MIXIN Subsystem Version=0.8.7 Source=union:/C:/Users/Trevd/.gradle/caches/modules-2/files-2.1/net.fabricmc/sponge-mixin/0.15.2+mixin.0.8.7/2af2f021d8e02a0220dc27a7a72b4666d66d44ca/sponge-mixin-0.15.2+mixin.0.8.7.jar%23135!/ Service=ModLauncher Env=CLIENT
[16Apr2026 19:47:21.411] [pool-2-thread-1/INFO] [EARLYDISPLAY/]: GL info: AMD Radeon RX 6400 GL version 4.6.0 Core Profile Context 24.20.19.07.250826, ATI Technologies Inc.
[16Apr2026 19:47:21.440] [main/INFO] [net.neoforged.fml.loading.moddiscovery.ModDiscoverer/SCAN]: Found mod file "neoforge-21.1.60.jar" [locator: neoforge devenv provider ([C:\Users\Trevd\mc mods\orbitalbackpack\.gradle\repositories\ng_dummy_ng\net\neoforged\neoforge\21.1.60\neoforge-21.1.60.jar])]
[16Apr2026 19:47:21.472] [main/INFO] [net.neoforged.fml.loading.moddiscovery.ModDiscoverer/SCAN]: Found mod file "neoforge-21.1.60.jar" [locator: neoforge devenv provider ([C:\Users\Trevd\mc mods\orbitalbackpack\.gradle\repositories\ng_dummy_ng\net\neoforged\neoforge\21.1.60\neoforge-21.1.60.jar])]
[16Apr2026 19:47:21.493] [main/INFO] [net.neoforged.fml.loading.moddiscovery.ModDiscoverer/SCAN]: Found mod file "main" [locator: userdev mods and services, reader: mod manifest]
[16Apr2026 19:47:21.505] [main/INFO] [net.neoforged.fml.loading.moddiscovery.ModDiscoverer/SCAN]: Found mod file "neoforge-21.1.60.jar" [locator: userdev mods and services, reader: mod manifest]
[16Apr2026 19:47:21.511] [main/INFO] [net.neoforged.fml.loading.moddiscovery.ModDiscoverer/SCAN]: Found mod file "curios-neoforge-9.5.1+1.21.1.jar" [locator: userdev mods and services, reader: mod manifest]
[16Apr2026 19:47:21.634] [main/INFO] [net.neoforged.fml.loading.moddiscovery.ModDiscoverer/SCAN]: Found gamelibrary file "mixinextras-neoforge-0.4.1.jar" [locator: userdev mods and services, reader: mod manifest]
[16Apr2026 19:47:21.833] [main/WARN] [net.neoforged.jarjar.selection.JarSelector/]: Attempted to select a dependency jar for JarJar which was passed in as source: mixinextras-neoforge-0.4.1.jar. Using Mod File: C:\Users\Trevd\.gradle\caches\modules-2\files-2.1\io.github.llamalad7\mixinextras-neoforge\0.4.1\eff97772ecd0dcf8e52cdbafd3b3ccec425f8314\mixinextras-neoforge-0.4.1.jar
[16Apr2026 19:47:21.834] [main/INFO] [net.neoforged.fml.loading.moddiscovery.locators.JarInJarDependencyLocator/]: Found 1 dependencies adding them to mods collection
[16Apr2026 19:47:21.834] [main/INFO] [net.neoforged.fml.loading.moddiscovery.ModDiscoverer/SCAN]: Found library file "neoforge-coremods-21.1.60.jar" [parent: neoforge-21.1.60.jar, locator: jarinjar, reader: mod manifest]
[16Apr2026 19:47:22.512] [main/INFO] [mixin/]: Compatibility level set to JAVA_21
[16Apr2026 19:47:22.521] [main/INFO] [cpw.mods.modlauncher.LaunchServiceHandler/MODLAUNCHER]: Launching target 'forgeclientuserdev' with arguments [--version, 21.1.60, --gameDir, ., --assetsDir, C:\Users\Trevd\.gradle\caches\minecraft\assets, --assetIndex, asset-index]
[16Apr2026 19:47:22.601] [main/WARN] [mixin/]: Reference map 'curios.refmap.json' for curios.neoforge.mixins.json could not be read. If this is a development environment you can ignore this message
[16Apr2026 19:47:22.602] [main/WARN] [mixin/]: Reference map 'curios.refmap.json' for curios.mixins.json could not be read. If this is a development environment you can ignore this message
[16Apr2026 19:47:24.290] [main/INFO] [MixinExtras|Service/]: Initializing MixinExtras via com.llamalad7.mixinextras.service.MixinExtrasServiceImpl(version=0.4.1).
[16Apr2026 19:47:26.642] [Datafixer Bootstrap/INFO] [com.mojang.datafixers.DataFixerBuilder/]: 229 Datafixer optimizations took 1078 milliseconds
[16Apr2026 19:47:33.274] [main/WARN] [net.minecraft.commands.Commands/]: Ambiguity between arguments [teleport, location] and [teleport, destination] with inputs: [0.1 -0.5 .9, 0 0 0]
[16Apr2026 19:47:33.275] [main/WARN] [net.minecraft.commands.Commands/]: Ambiguity between arguments [teleport, location] and [teleport, targets] with inputs: [0.1 -0.5 .9, 0 0 0]
[16Apr2026 19:47:33.278] [main/WARN] [net.minecraft.commands.Commands/]: Ambiguity between arguments [teleport, destination] and [teleport, targets] with inputs: [Player, 0123, @e, dd12be42-52a9-4a91-a8a1-11c01849e498]
[16Apr2026 19:47:33.279] [main/WARN] [net.minecraft.commands.Commands/]: Ambiguity between arguments [teleport, targets] and [teleport, destination] with inputs: [Player, 0123, dd12be42-52a9-4a91-a8a1-11c01849e498]
[16Apr2026 19:47:33.280] [main/WARN] [net.minecraft.commands.Commands/]: Ambiguity between arguments [teleport, targets, location] and [teleport, targets, destination] with inputs: [0.1 -0.5 .9, 0 0 0]
[16Apr2026 19:47:33.427] [Render thread/WARN] [net.minecraft.server.packs.VanillaPackResourcesBuilder/]: Assets URL 'union:/C:/Users/Trevd/mc%20mods/orbitalbackpack/.gradle/repositories/ng_dummy_ng/net/neoforged/neoforge/21.1.60/neoforge-21.1.60.jar%23189!/assets/.mcassetsroot' uses unexpected schema
[16Apr2026 19:47:33.427] [Render thread/WARN] [net.minecraft.server.packs.VanillaPackResourcesBuilder/]: Assets URL 'union:/C:/Users/Trevd/mc%20mods/orbitalbackpack/.gradle/repositories/ng_dummy_ng/net/neoforged/neoforge/21.1.60/neoforge-21.1.60.jar%23189!/data/.mcassetsroot' uses unexpected schema
[16Apr2026 19:47:33.461] [Render thread/INFO] [com.mojang.authlib.yggdrasil.YggdrasilAuthenticationService/]: Environment: Environment[sessionHost=https://sessionserver.mojang.com, servicesHost=https://api.minecraftservices.com, name=PROD]
[16Apr2026 19:47:33.476] [Render thread/INFO] [net.minecraft.client.Minecraft/]: Setting user: Dev
[16Apr2026 19:47:33.631] [Render thread/INFO] [net.minecraft.client.Minecraft/]: Backend library: LWJGL version 3.3.3+5
[16Apr2026 19:47:33.920] [modloading-worker-0/INFO] [net.neoforged.neoforge.common.NeoForgeMod/NEOFORGE-MOD]: NeoForge mod loading, version 21.1.60, for MC 1.21.1
[16Apr2026 19:47:34.815] [Render thread/INFO] [net.neoforged.neoforge.gametest.GameTestHooks/]: Enabled Gametest Namespaces: []
[16Apr2026 19:47:35.005] [Render thread/INFO] [net.minecraft.server.packs.resources.ReloadableResourceManager/]: Reloading ResourceManager: vanilla, mod_resources, mod/curios, mod/orbitalbackpack, mod/neoforge
[16Apr2026 19:47:35.183] [Worker-Main-8/INFO] [net.minecraft.client.gui.font.providers.UnihexProvider/]: Found unifont_all_no_pua-15.1.05.hex, loading
[16Apr2026 19:47:35.435] [Worker-Main-1/INFO] [net.minecraft.client.gui.font.providers.UnihexProvider/]: Found unifont_jp_patch-15.1.05.hex, loading
[16Apr2026 19:47:35.455] [Worker-Main-10/ERROR] [net.minecraft.client.renderer.texture.atlas.SpriteResourceLoader/]: Using missing texture, unable to load orbitalbackpack:item/backpack
java.io.IOException: Bad PNG Signature
	at TRANSFORMER/minecraft@1.21.1/net.minecraft.util.PngInfo.validateHeader(PngInfo.java:38) ~[neoforge-21.1.60.jar%23189!/:?]
	at TRANSFORMER/minecraft@1.21.1/com.mojang.blaze3d.platform.NativeImage.read(NativeImage.java:142) ~[neoforge-21.1.60.jar%23189!/:?]
	at TRANSFORMER/minecraft@1.21.1/com.mojang.blaze3d.platform.NativeImage.read(NativeImage.java:111) ~[neoforge-21.1.60.jar%23189!/:?]
	at TRANSFORMER/minecraft@1.21.1/com.mojang.blaze3d.platform.NativeImage.read(NativeImage.java:101) ~[neoforge-21.1.60.jar%23189!/:?]
	at TRANSFORMER/minecraft@1.21.1/net.minecraft.client.renderer.texture.atlas.SpriteResourceLoader.lambda$create$0(SpriteResourceLoader.java:38) ~[neoforge-21.1.60.jar%23189!/:?]
	at TRANSFORMER/minecraft@1.21.1/net.minecraft.client.renderer.texture.atlas.SpriteResourceLoader.loadSprite(SpriteResourceLoader.java:66) ~[neoforge-21.1.60.jar%23189!/:?]
	at TRANSFORMER/minecraft@1.21.1/net.minecraft.client.renderer.texture.atlas.SpriteSource$Output.lambda$add$0(SpriteSource.java:24) ~[neoforge-21.1.60.jar%23189!/:?]
	at TRANSFORMER/minecraft@1.21.1/net.minecraft.client.renderer.texture.SpriteLoader.lambda$runSpriteSuppliers$3(SpriteLoader.java:118) ~[neoforge-21.1.60.jar%23189!/:?]
	at java.base/java.util.concurrent.CompletableFuture$AsyncSupply.run(CompletableFuture.java:1768) [?:?]
	at java.base/java.util.concurrent.CompletableFuture$AsyncSupply.exec(CompletableFuture.java:1760) [?:?]
	at java.base/java.util.concurrent.ForkJoinTask.doExec(ForkJoinTask.java:387) [?:?]
	at java.base/java.util.concurrent.ForkJoinPool$WorkQueue.topLevelExec(ForkJoinPool.java:1310) [?:?]
	at java.base/java.util.concurrent.ForkJoinPool.scan(ForkJoinPool.java:1841) [?:?]
	at java.base/java.util.concurrent.ForkJoinPool.runWorker(ForkJoinPool.java:1806) [?:?]
	at java.base/java.util.concurrent.ForkJoinWorkerThread.run(ForkJoinWorkerThread.java:188) [?:?]
[16Apr2026 19:47:36.125] [Worker-Main-5/WARN] [net.minecraft.client.resources.model.ModelBakery/]: Unable to load model: 'orbitalbackpack:item/magnet_upgrade' referenced from: orbitalbackpack:item/magnet_upgrade: java.io.FileNotFoundException: orbitalbackpack:models/item/magnet_upgrade.json
[16Apr2026 19:47:38.703] [Worker-Main-5/WARN] [net.minecraft.client.resources.model.ModelManager/]: Missing textures in model orbitalbackpack:diamond_backpack_block#inventory:
    minecraft:textures/atlas/blocks.png:orbitalbackpack:block/diamond_backpack_block
[16Apr2026 19:47:38.703] [Worker-Main-5/WARN] [net.minecraft.client.resources.model.ModelManager/]: Missing textures in model orbitalbackpack:leather_backpack_block#inventory:
    minecraft:textures/atlas/blocks.png:orbitalbackpack:block/leather_backpack_block
[16Apr2026 19:47:38.703] [Worker-Main-5/WARN] [net.minecraft.client.resources.model.ModelManager/]: Missing textures in model orbitalbackpack:gold_backpack_block#:
    minecraft:textures/atlas/blocks.png:orbitalbackpack:block/gold_backpack_block
[16Apr2026 19:47:38.703] [Worker-Main-5/WARN] [net.minecraft.client.resources.model.ModelManager/]: Missing textures in model orbitalbackpack:diamond_backpack_block#:
    minecraft:textures/atlas/blocks.png:orbitalbackpack:block/diamond_backpack_block
[16Apr2026 19:47:38.703] [Worker-Main-5/WARN] [net.minecraft.client.resources.model.ModelManager/]: Missing textures in model orbitalbackpack:netherite_backpack_block#:
    minecraft:textures/atlas/blocks.png:orbitalbackpack:block/netherite_backpack_block
[16Apr2026 19:47:38.703] [Worker-Main-5/WARN] [net.minecraft.client.resources.model.ModelManager/]: Missing textures in model orbitalbackpack:iron_backpack_block#:
    minecraft:textures/atlas/blocks.png:orbitalbackpack:block/iron_backpack_block
[16Apr2026 19:47:38.704] [Worker-Main-5/WARN] [net.minecraft.client.resources.model.ModelManager/]: Missing textures in model orbitalbackpack:netherite_backpack_block#inventory:
    minecraft:textures/atlas/blocks.png:orbitalbackpack:block/netherite_backpack_block
[16Apr2026 19:47:38.704] [Worker-Main-5/WARN] [net.minecraft.client.resources.model.ModelManager/]: Missing textures in model orbitalbackpack:iron_backpack_block#inventory:
    minecraft:textures/atlas/blocks.png:orbitalbackpack:block/iron_backpack_block
[16Apr2026 19:47:38.704] [Worker-Main-5/WARN] [net.minecraft.client.resources.model.ModelManager/]: Missing textures in model orbitalbackpack:leather_backpack_block#:
    minecraft:textures/atlas/blocks.png:orbitalbackpack:block/leather_backpack_block
[16Apr2026 19:47:38.705] [Worker-Main-5/WARN] [net.minecraft.client.resources.model.ModelManager/]: Missing textures in model orbitalbackpack:gold_backpack_block#inventory:
    minecraft:textures/atlas/blocks.png:orbitalbackpack:block/gold_backpack_block
[16Apr2026 19:47:39.318] [Render thread/WARN] [net.minecraft.client.sounds.SoundEngine/]: Missing sound for event: minecraft:item.goat_horn.play
[16Apr2026 19:47:39.318] [Render thread/WARN] [net.minecraft.client.sounds.SoundEngine/]: Missing sound for event: minecraft:entity.goat.screaming.horn_break
[16Apr2026 19:47:39.403] [Render thread/INFO] [com.mojang.blaze3d.audio.Library/]: OpenAL initialized on device OpenAL Soft on 1 - Sceptre M24 (AMD High Definition Audio Device)
[16Apr2026 19:47:39.403] [Render thread/INFO] [net.minecraft.client.sounds.SoundEngine/SOUNDS]: Sound engine started
[16Apr2026 19:47:39.570] [Render thread/INFO] [net.minecraft.client.renderer.texture.TextureAtlas/]: Created: 1024x512x4 minecraft:textures/atlas/blocks.png-atlas
[16Apr2026 19:47:39.584] [Render thread/INFO] [net.minecraft.client.renderer.texture.TextureAtlas/]: Created: 256x256x4 minecraft:textures/atlas/signs.png-atlas
[16Apr2026 19:47:39.585] [Render thread/INFO] [net.minecraft.client.renderer.texture.TextureAtlas/]: Created: 512x512x4 minecraft:textures/atlas/banner_patterns.png-atlas
[16Apr2026 19:47:39.585] [Render thread/INFO] [net.minecraft.client.renderer.texture.TextureAtlas/]: Created: 512x512x4 minecraft:textures/atlas/shield_patterns.png-atlas
[16Apr2026 19:47:39.586] [Render thread/INFO] [net.minecraft.client.renderer.texture.TextureAtlas/]: Created: 1024x1024x4 minecraft:textures/atlas/armor_trims.png-atlas
[16Apr2026 19:47:39.595] [Render thread/INFO] [net.minecraft.client.renderer.texture.TextureAtlas/]: Created: 256x256x4 minecraft:textures/atlas/chest.png-atlas
[16Apr2026 19:47:39.595] [Render thread/INFO] [net.minecraft.client.renderer.texture.TextureAtlas/]: Created: 128x64x4 minecraft:textures/atlas/decorated_pot.png-atlas
[16Apr2026 19:47:39.596] [Render thread/INFO] [net.minecraft.client.renderer.texture.TextureAtlas/]: Created: 512x256x4 minecraft:textures/atlas/beds.png-atlas
[16Apr2026 19:47:39.596] [Render thread/INFO] [net.minecraft.client.renderer.texture.TextureAtlas/]: Created: 512x256x4 minecraft:textures/atlas/shulker_boxes.png-atlas
[16Apr2026 19:47:39.847] [Render thread/INFO] [net.minecraft.client.renderer.texture.TextureAtlas/]: Created: 512x256x0 minecraft:textures/atlas/particles.png-atlas
[16Apr2026 19:47:39.850] [Render thread/INFO] [net.minecraft.client.renderer.texture.TextureAtlas/]: Created: 512x256x0 minecraft:textures/atlas/paintings.png-atlas
[16Apr2026 19:47:39.850] [Render thread/INFO] [net.minecraft.client.renderer.texture.TextureAtlas/]: Created: 256x128x0 minecraft:textures/atlas/mob_effects.png-atlas
[16Apr2026 19:47:39.851] [Render thread/INFO] [net.minecraft.client.renderer.texture.TextureAtlas/]: Created: 64x64x0 minecraft:textures/atlas/map_decorations.png-atlas
[16Apr2026 19:47:39.851] [Render thread/INFO] [net.minecraft.client.renderer.texture.TextureAtlas/]: Created: 1024x512x0 minecraft:textures/atlas/gui.png-atlas
[16Apr2026 19:47:39.892] [Render thread/WARN] [net.minecraft.client.renderer.ShaderInstance/]: Shader rendertype_entity_translucent_emissive could not find sampler named Sampler2 in the specified shader program.
[16Apr2026 19:47:39.976] [Render thread/INFO] [net.neoforged.neoforge.client.entity.animation.json.AnimationLoader/]: Loaded 0 entity animations
[16Apr2026 19:47:46.121] [Render thread/INFO] [net.minecraft.world.item.crafting.RecipeManager/]: Loaded 1290 recipes
[16Apr2026 19:47:46.358] [Render thread/INFO] [net.minecraft.advancements.AdvancementTree/]: Loaded 1399 advancements
[16Apr2026 19:47:46.367] [Render thread/INFO] [Curios API/]: Loaded 10 curio slots
[16Apr2026 19:47:46.373] [Render thread/INFO] [Curios API/]: Loaded 1 curio entities
[16Apr2026 19:47:48.741] [Server thread/INFO] [net.minecraft.client.server.IntegratedServer/]: Starting integrated minecraft server version 1.21.1
[16Apr2026 19:47:48.741] [Server thread/INFO] [net.minecraft.server.MinecraftServer/]: Generating keypair
[16Apr2026 19:47:49.813] [Server thread/INFO] [net.minecraft.server.MinecraftServer/]: Preparing start region for dimension minecraft:overworld
[16Apr2026 19:47:50.171] [progressListener/INFO] [net.minecraft.server.level.progress.LoggerChunkProgressListener/]: Preparing spawn area: 0%
[16Apr2026 19:47:50.294] [progressListener/INFO] [net.minecraft.server.level.progress.LoggerChunkProgressListener/]: Time elapsed: 478 ms
[16Apr2026 19:47:50.295] [Server thread/INFO] [net.neoforged.neoforge.server.permission.PermissionAPI/]: Successfully initialized permission handler neoforge:default_handler
[16Apr2026 19:47:50.463] [Server thread/INFO] [net.minecraft.client.server.IntegratedServer/]: Changing view distance to 12, from 10
[16Apr2026 19:47:50.463] [Server thread/INFO] [net.minecraft.client.server.IntegratedServer/]: Changing simulation distance to 12, from 0
[16Apr2026 19:47:51.450] [Server thread/INFO] [net.minecraft.server.players.PlayerList/]: Dev[local:E:746383c0] logged in with entity id 22 at (-46.952728312485284, 63.0, -72.07336334394533)
[16Apr2026 19:47:51.570] [Server thread/INFO] [net.minecraft.server.MinecraftServer/]: Dev joined the game
[16Apr2026 19:47:51.878] [Render thread/INFO] [net.minecraft.advancements.AdvancementTree/]: Loaded 86 advancements
[16Apr2026 19:48:00.519] [Render thread/INFO] [net.minecraft.advancements.AdvancementTree/]: Loaded 99 advancements
[16Apr2026 19:48:45.416] [Render thread/INFO] [net.minecraft.advancements.AdvancementTree/]: Loaded 100 advancements
[16Apr2026 19:48:47.120] [Render thread/INFO] [net.minecraft.advancements.AdvancementTree/]: Loaded 111 advancements
[16Apr2026 19:49:14.204] [Render thread/WARN] [net.minecraft.client.sounds.SoundEngine/SOUNDS]: Unable to play empty soundEvent: minecraft:entity.salmon.ambient
